MO adder NULL "share (4)/adder.v" vlg54/adder.bin 1543274590
MO flopr NULL "share (4)/flopr.v" vlg3B/flopr.bin 1543274590
MO fulladder_st NULL "share (4)/fulladder_st.v" vlg61/fulladder__st.bin 1543274590
MO laser_surgery_sys NULL "share (4)/laser_surgery_sys.v" vlg31/laser__surgery__sys.bin 1543274590
MO timer_st NULL "share (4)/timer_st.v" vlg5F/timer__st.bin 1543274590
MO addergen_st NULL "share (4)/addergen.v" vlg0C/addergen__st.bin 1543274590
MO comparatorgen_st NULL "share (4)/comparatorgen.v" vlg64/comparatorgen__st.bin 1543274590
